:20:STMT-2026-0810
:25:GE00XX0000000000000000/GEL
:28C:00032/001
:60F:C260807GEL0,00
:61:2608100810C44969,50NTRFINV-2026-0373//BNK-STA-0001
:86:/ORDP/Poti Construction JSC/REMI/INV-2026-0373 settlement
:61:2608100810C44493,00NTRFINV-2026-0394//BNK-STA-0002
:86:/ORDP/Poti Foods JSC/REMI/INV-2026-0394 settlement
:61:2608100810C42879,50NTRFINV-2026-0342//BNK-STA-0003
:86:/ORDP/Kobuleti Agro JSC/REMI/INV-2026-0342 settlement
:61:2608100810C42616,50NTRFINV-2026-0378//BNK-STA-0004
:86:/ORDP/Kobuleti Print Group/REMI/INV-2026-0378 settlement
:61:2608100810C41934,00NTRFINV-2026-0322//BNK-STA-0005
:86:/ORDP/Gori Steel JSC/REMI/INV-2026-0322 settlement
:61:2608100810C41550,00NTRFINV-2026-0367//BNK-STA-0006
:86:/ORDP/Zugdidi Pharma Co/REMI/INV-2026-0367 settlement
:61:2608100810C38683,50NTRFINV-2026-0343//BNK-STA-0007
:86:/ORDP/Poti Construction JSC/REMI/INV-2026-0343 settlement
:61:2608100810C37473,00NTRFINV-2026-0321//BNK-STA-0008
:86:/ORDP/Poti Textiles Co/REMI/INV-2026-0321 settlement
:62F:C260810GEL334599,00
